// Vitest Snapshot v1

exports[`basic > basic duplicate filtering 1`] = `"._bxyv4r{font-size:1rem;}"`;

exports[`basic > basic macro variable 1`] = `":root{font-size:1rem;}._qctk3f{font-size:10rem;}._h6o4jl{font-size:1.125rem;}"`;

exports[`basic > basic macros 1`] = `"._bp9tzx > *{font-size:32px;font-family:serif;}"`;

exports[`basic > basic multiple css with macros 1`] = `"._wc1o8m{font-size:32px;}._m48w0m{font-size:48px;}"`;

exports[`basic > basic multiple objects with macros 1`] = `"._i6gaz3{font-size:96px;}"`;

exports[`basic > basic multiple selectors with macros 1`] = `".a:hover, .a:active,.b:hover, .b:active,.c:hover, .c:active{display:none;}"`;

exports[`basic > basic props and children 1`] = `":root{--16dp:1rem;}._hrwqpr > *{font-size:var(--16dp);color:red;}"`;

exports[`basic > empty args 1`] = `""`;

exports[`macros > complex macros 1`] = `":root{h:9;}:root > *{--x:456;}:root > * > *{--x:123;}"`;

exports[`macros > macro combination 1 1`] = `":root{font-size:1rem;}._irjocx{font-size:0.875rem;}._h6o4jl{font-size:1.125rem;}"`;

exports[`macros > macro combination 2 1`] = `":root{--x:1rem'16dp\\"24dp\\"32dp'2rem;--y:1rem '16dp \\"24dp\\" 32dp' 2rem;--z:0.077125rem;}"`;

exports[`macros > macro declaration in macro 1`] = `":root{--x:111;--x:222;}"`;

exports[`macros > macro without guard 1`] = `":root{--x:111;}:root{--x:121;}"`;

exports[`macros > nested macros 1`] = `":root{--x:&f;--y:&g;}:root > *{--x:>Ff;--y:>Gg;}._jzlwen{--x:^f;--y:^g;}"`;

exports[`macros > recursive-like macros 1`] = `"._8d3u5t{-webkit-user-drag:none;-webkit-user-select:none;user-select:none;}"`;
