// Vitest Snapshot v1

exports[`basic > basic duplicate filtering 1`] = `"._djeiow{font-size:16px;font-family:serif;}"`;

exports[`basic > basic macro variable 1`] = `":root{font-size:16dp;}._kln0i3{font-size:14;}._jqlkvk{font-size:18;}"`;

exports[`basic > basic macros 1`] = `".__w9ras > *{font-size:32px;font-family:serif;color:red;}"`;

exports[`basic > basic multiple css with macros 1`] = `"._rvbeky{font-size:32px;font-family:serif;}._nls01e{font-size:48px;font-family:serif;}"`;

exports[`basic > basic props and children 1`] = `":root{--16dp:1rem;}._hrwqpr > *{font-size:var(--16dp);color:red;}"`;

exports[`basic > empty args 1`] = `""`;

exports[`macros > complex macro variables 1`] = `":root{font-size:1rem;}._54trbc{font-size:var(--16dp);font-size:var(--2dp);font-size:var(--6dp);}._54trbc > *{font-size:var(--8dp);font-size:var(--30dp);}._epi98u{font-size:var(--14dp);font-size:var(--2dp);font-size:var(--6dp);}._epi98u > *{font-size:var(--8dp);font-size:var(--30dp);}"`;

exports[`macros > complex macros 1`] = `":root{h:9;}:root > *{--x:456;}:root > * > *{--x:123;}"`;

exports[`macros > nested macros 1`] = `":root{--x:&f;--y:&g;}:root > *{--x:>Ff;--y:>Gg;}._jzlwen{--x:^f;--y:^g;}"`;

exports[`macros > recursive-like macros 1`] = `"._8d3u5t{-webkit-user-drag:none;-webkit-user-select:none;user-select:none;}"`;
